// Jest Snapshot v1, https://goo.gl/fbAQLP

exports[`InfiniteRepoList Component matches snapshot 1`] = `
<DocumentFragment>
  <div
    class="infinite-scroll-component__outerdiv"
  >
    <div
      class="infinite-scroll-component iRepoList"
      style="height: auto; overflow: hidden;"
    >
      <div
        data-testid="mock-repo-card"
      >
        Repo 1
      </div>
      <div
        data-testid="mock-repo-card"
      >
        Repo 2
      </div>
    </div>
  </div>
</DocumentFragment>
`;
