// Jest Snapshot v1, https://goo.gl/fbAQLP

exports[`App Component matches snapshot 1`] = `
<DocumentFragment>
  <div
    class="screen"
    data-testid="Screen"
  >
    <div
      class="screen__controls"
    >
      <div
        class="simpleSwitch screen__simpleSwitch"
        data-testid="SimpleSwitch"
      >
        <div
          class="simpleSwitch__label simpleSwitch__leftLabel"
        >
          <img
            class="icon"
            src=""
          />
        </div>
        <span
          class="MuiSwitch-root MuiSwitch-sizeMedium css-julti5-MuiSwitch-root"
        >
          <span
            class="MuiButtonBase-root MuiSwitch-switchBase MuiSwitch-colorDefault PrivateSwitchBase-root MuiSwitch-switchBase MuiSwitch-colorDefault css-1i8lvs-MuiButtonBase-root-MuiSwitch-switchBase"
          >
            <input
              aria-label="controlled"
              class="PrivateSwitchBase-input MuiSwitch-input css-1m9pwf3"
              type="checkbox"
            />
            <span
              class="MuiSwitch-thumb css-jsexje-MuiSwitch-thumb"
            />
            <span
              class="MuiTouchRipple-root css-8je8zh-MuiTouchRipple-root"
            />
          </span>
          <span
            class="MuiSwitch-track css-1yjjitx-MuiSwitch-track"
          />
        </span>
        <div
          class="simpleSwitch__label simpleSwitch__rightLabel"
        >
          <img
            class="icon"
            src=""
          />
        </div>
      </div>
    </div>
    <div
      class="header"
    >
      <div
        class="header__logo"
      >
        <img
          class="icon rotate header__logoIcon"
          src=""
        />
      </div>
      <h1>
        GitHub Finder
      </h1>
    </div>
    <div
      class="screen__content"
    >
      <div
        class="homePage"
        data-testid="HomePage"
      >
        <div
          class="homePage__search"
        >
          <div
            class="simpleInput input homePage__searchInput"
            data-testid="SimpleInput"
          >
            <div
              class="MuiFormControl-root MuiTextField-root textField css-1u3bzj6-MuiFormControl-root-MuiTextField-root"
            >
              <label
                class="MuiFormLabel-root MuiInputLabel-root MuiInputLabel-formControl MuiInputLabel-animated MuiInputLabel-sizeMedium MuiInputLabel-outlined MuiFormLabel-colorPrimary MuiInputLabel-root MuiInputLabel-formControl MuiInputLabel-animated MuiInputLabel-sizeMedium MuiInputLabel-outlined css-14s5rfu-MuiFormLabel-root-MuiInputLabel-root"
                data-shrink="false"
                for="outlined-controlled"
                id="outlined-controlled-label"
              >
                Enter username
              </label>
              <div
                class="MuiInputBase-root MuiOutlinedInput-root MuiInputBase-colorPrimary MuiInputBase-formControl css-9ddj71-MuiInputBase-root-MuiOutlinedInput-root"
              >
                <input
                  aria-invalid="false"
                  class="MuiInputBase-input MuiOutlinedInput-input css-1t8l2tu-MuiInputBase-input-MuiOutlinedInput-input"
                  id="outlined-controlled"
                  type="text"
                  value=""
                />
                <fieldset
                  aria-hidden="true"
                  class="MuiOutlinedInput-notchedOutline css-1d3z3hw-MuiOutlinedInput-notchedOutline"
                >
                  <legend
                    class="css-yjsfm1"
                  >
                    <span>
                      Enter username
                    </span>
                  </legend>
                </fieldset>
              </div>
            </div>
          </div>
          <div
            class="simpleButton button homePage__submit"
            data-testid="SimpleButton"
          >
            <button
              class="MuiButtonBase-root MuiButton-root MuiButton-contained MuiButton-containedPrimary MuiButton-sizeMedium MuiButton-containedSizeMedium MuiButton-root MuiButton-contained MuiButton-containedPrimary MuiButton-sizeMedium MuiButton-containedSizeMedium css-sghohy-MuiButtonBase-root-MuiButton-root"
              tabindex="0"
              type="button"
            >
              Search
              <span
                class="MuiTouchRipple-root css-8je8zh-MuiTouchRipple-root"
              />
            </button>
          </div>
        </div>
        <div
          class="homePage__content"
        >
          <p>
            Showing users for testttt
          </p>
        </div>
      </div>
    </div>
    <div
      class="footer center"
    >
      © 2024
    </div>
  </div>
</DocumentFragment>
`;
