// Jest Snapshot v1, https://goo.gl/fbAQLP

exports[`App Component matches snapshot 1`] = `
<DocumentFragment>
  <div
    class="screen"
    data-testid="Screen"
  >
    <div
      class="screen__controls"
    >
      <div
        class="simpleSwitch screen__simpleSwitch"
        data-testid="SimpleSwitch"
      >
        <div
          class="simpleSwitch__label simpleSwitch__leftLabel"
        >
          <img
            class="icon"
            src=""
          />
        </div>
        <span
          class="MuiSwitch-root MuiSwitch-sizeMedium css-julti5-MuiSwitch-root"
        >
          <span
            class="MuiButtonBase-root MuiSwitch-switchBase MuiSwitch-colorDefault PrivateSwitchBase-root MuiSwitch-switchBase MuiSwitch-colorDefault css-1i8lvs-MuiButtonBase-root-MuiSwitch-switchBase"
          >
            <input
              aria-label="controlled"
              class="PrivateSwitchBase-input MuiSwitch-input css-1m9pwf3"
              type="checkbox"
            />
            <span
              class="MuiSwitch-thumb css-jsexje-MuiSwitch-thumb"
            />
            <span
              class="MuiTouchRipple-root css-8je8zh-MuiTouchRipple-root"
            />
          </span>
          <span
            class="MuiSwitch-track css-1yjjitx-MuiSwitch-track"
          />
        </span>
        <div
          class="simpleSwitch__label simpleSwitch__rightLabel"
        >
          <img
            class="icon"
            src=""
          />
        </div>
      </div>
    </div>
    <div
      class="header"
    >
      <div
        class="header__logo"
      >
        <img
          class="icon rotate header__logoIcon"
          src=""
        />
      </div>
      <h1>
        GitHub Finder
      </h1>
    </div>
    <div
      class="screen__content"
    >
      <div
        class="homePage"
        data-testid="HomePage"
      >
        <div
          class="homePage__search"
        >
          <div
            class="simpleInput input homePage__searchInput"
            data-testid="SimpleInput"
          >
            <div
              class="MuiFormControl-root MuiTextField-root textField css-1u3bzj6-MuiFormControl-root-MuiTextField-root"
            >
              <label
                class="MuiFormLabel-root MuiInputLabel-root MuiInputLabel-formControl MuiInputLabel-animated MuiInputLabel-sizeMedium MuiInputLabel-outlined MuiFormLabel-colorPrimary MuiInputLabel-root MuiInputLabel-formControl MuiInputLabel-animated MuiInputLabel-sizeMedium MuiInputLabel-outlined css-14s5rfu-MuiFormLabel-root-MuiInputLabel-root"
                data-shrink="false"
                for="outlined-controlled"
                id="outlined-controlled-label"
              >
                Enter username
              </label>
              <div
                class="MuiInputBase-root MuiOutlinedInput-root MuiInputBase-colorPrimary MuiInputBase-formControl css-9ddj71-MuiInputBase-root-MuiOutlinedInput-root"
              >
                <input
                  aria-invalid="false"
                  class="MuiInputBase-input MuiOutlinedInput-input css-1t8l2tu-MuiInputBase-input-MuiOutlinedInput-input"
                  id="outlined-controlled"
                  type="text"
                  value=""
                />
                <fieldset
                  aria-hidden="true"
                  class="MuiOutlinedInput-notchedOutline css-1d3z3hw-MuiOutlinedInput-notchedOutline"
                >
                  <legend
                    class="css-yjsfm1"
                  >
                    <span>
                      Enter username
                    </span>
                  </legend>
                </fieldset>
              </div>
            </div>
          </div>
          <div
            class="simpleButton button homePage__submit"
            data-testid="SimpleButton"
          >
            <button
              class="MuiButtonBase-root MuiButton-root MuiButton-contained MuiButton-containedPrimary MuiButton-sizeMedium MuiButton-containedSizeMedium MuiButton-root MuiButton-contained MuiButton-containedPrimary MuiButton-sizeMedium MuiButton-containedSizeMedium css-sghohy-MuiButtonBase-root-MuiButton-root"
              tabindex="0"
              type="button"
            >
              Search
              <span
                class="MuiTouchRipple-root css-8je8zh-MuiTouchRipple-root"
              />
            </button>
          </div>
        </div>
        <div
          class="homePage__content"
        >
          <p>
            Showing users for testttt
          </p>
          <section
            class="repoCard"
          >
            <header
              class="repoCard__header"
            >
              <div
                class="repoCard__headerLeft"
              >
                <h3
                  class="repoCard__title"
                >
                  <a
                    class="repoCard__link"
                    href="https://github.com/andrIvas/excercises"
                    rel="noreferrer"
                    target="_blank"
                  >
                    excercises
                  </a>
                </h3>
                <div
                  class="repoCard__fork"
                >
                  it's Fork
                </div>
              </div>
              <div
                class="repoCard__headerRight"
              >
                <a
                  class="visually-hidden"
                  href="https://api.github.com/repos/andrIvas/excercises/stargazers"
                >
                  <span
                    class="repoCard__stars"
                  >
                    1
                  </span>
                  <svg
                    aria-label="star"
                    class="octicon octicon-star"
                    height="16"
                    role="img"
                    version="1.1"
                    viewBox="0 0 14 16"
                    width="14"
                  >
                    <path
                      d="M14 6l-4.9-.64L7 1 4.9 5.36 0 6l3.6 3.26L2.67 14 7 11.67 11.33 14l-.93-4.74z"
                      fill-rule="evenodd"
                    />
                  </svg>
                </a>
              </div>
            </header>
            <main
              class="repoCard__main"
            >
              <p
                class="repoCard__desq"
              >
                Interview tasks, interesting things
              </p>
            </main>
            <footer
              class="repoCard__footer"
            >
              <span
                class="repoCard__lang-logo"
                style="background-color: blue;"
              />
              <span
                class="repoCard__lang"
              >
                Javascript
              </span>
              <span
                class="repoCard__time"
              >
                Updated: 15.10.2018
              </span>
            </footer>
          </section>
        </div>
      </div>
    </div>
    <div
      class="footer center"
    >
      © 2024
    </div>
  </div>
</DocumentFragment>
`;
