// Jest Snapshot v1, https://goo.gl/fbAQLP

exports[`App Component matches snapshot 1`] = `
<DocumentFragment>
  <div
    class="screen "
  >
    <div
      class="screen__controls center "
    >
      <div
        class="item"
      >
        <img
          class="icon rotate"
          src=""
        />
         React
      </div>
      <div
        class="simpleSwitch"
        data-testid="SimpleButton"
      >
        <div
          class="simpleSwitch__label simpleSwitch__leftLabel"
        >
          <img
            class="icon"
            src=""
          />
        </div>
        <span
          class="MuiSwitch-root MuiSwitch-sizeMedium css-julti5-MuiSwitch-root"
        >
          <span
            class="MuiButtonBase-root MuiSwitch-switchBase MuiSwitch-colorDefault PrivateSwitchBase-root MuiSwitch-switchBase MuiSwitch-colorDefault css-1i8lvs-MuiButtonBase-root-MuiSwitch-switchBase"
          >
            <input
              aria-label="controlled"
              class="PrivateSwitchBase-input MuiSwitch-input css-1m9pwf3"
              type="checkbox"
            />
            <span
              class="MuiSwitch-thumb css-jsexje-MuiSwitch-thumb"
            />
            <span
              class="MuiTouchRipple-root css-8je8zh-MuiTouchRipple-root"
            />
          </span>
          <span
            class="MuiSwitch-track css-1yjjitx-MuiSwitch-track"
          />
        </span>
        <div
          class="simpleSwitch__label simpleSwitch__rightLabel"
        >
          <img
            class="icon"
            src=""
          />
        </div>
      </div>
      <button>
        Dark Theme
      </button>
    </div>
    <div
      class="header "
    >
      <h2>
        Header
      </h2>
      <p>
        test
      </p>
      <div
        class="simpleButton"
        data-testid="SimpleButton"
      >
        <button
          class="MuiButtonBase-root MuiButton-root MuiButton-contained MuiButton-containedPrimary MuiButton-sizeMedium MuiButton-containedSizeMedium MuiButton-root MuiButton-contained MuiButton-containedPrimary MuiButton-sizeMedium MuiButton-containedSizeMedium css-sghohy-MuiButtonBase-root-MuiButton-root"
          tabindex="0"
          type="button"
        >
          Search
          <span
            class="MuiTouchRipple-root css-8je8zh-MuiTouchRipple-root"
          />
        </button>
      </div>
    </div>
    <div
      class="screen__content"
    >
      <div
        data-testid="HomePage"
      >
        <h2>
          Home
        </h2>
      </div>
    </div>
    <div
      class="footer"
    >
      <h2>
        Footer
      </h2>
      <p>
        test
      </p>
    </div>
  </div>
</DocumentFragment>
`;
